#-----------------------------------------------------------
# Vivado v2023.2 (64-bit)
# SW Build 4029153 on Fri Oct 13 20:14:34 MDT 2023
# IP Build 4028589 on Sat Oct 14 00:45:43 MDT 2023
# SharedData Build 4025554 on Tue Oct 10 17:18:54 MDT 2023
# Start of session at: Fri May 17 20:38:06 2024
# Process ID: 5548
# Current directory: C:/Users/catal/Documents/GitHub/FPGA-Image-Processing/vga_over_uart/vga_over_uart.runs/blk_mem_gen_0_synth_1
# Command line: vivado.exe -log blk_mem_gen_0.vds -product Vivado -mode batch -messageDb vivado.pb -notrace -source blk_mem_gen_0.tcl
# Log file: C:/Users/catal/Documents/GitHub/FPGA-Image-Processing/vga_over_uart/vga_over_uart.runs/blk_mem_gen_0_synth_1/blk_mem_gen_0.vds
# Journal file: C:/Users/catal/Documents/GitHub/FPGA-Image-Processing/vga_over_uart/vga_over_uart.runs/blk_mem_gen_0_synth_1\vivado.jou
# Running On: DESKTOP-PGGP91I, OS: Windows, CPU Frequency: 2918 MHz, CPU Physical cores: 10, Host memory: 16866 MB
#-----------------------------------------------------------
source blk_mem_gen_0.tcl -notrace
